Clock: clk
Sources: clk 
Generated: no
Virtual: yes
Propagated: no
Period: 25.000000

===========================================================================
report_clock_properties
============================================================================
Clock                   Period          Waveform
----------------------------------------------------
clk                  25.000000    0.000000 12.500000

===========================================================================
report_clock_latency
============================================================================
Clock clk
rise -> rise
    min     max
0.000000 0.000000 source latency
1.010929         network latency _4548_/CLK
        1.342012 network latency _4580_/CLK
---------------
1.010929 1.342012 latency
        0.331083 skew

fall -> fall
    min     max
0.000000 0.000000 source latency
0.868004         network latency _4548_/CLK
        1.186949 network latency _4580_/CLK
---------------
0.868004 1.186949 latency
        0.318945 skew



===========================================================================
report_clock_min_period
============================================================================
clk period_min = 22.27 fmax = 44.91
