
===========================================================================
 report_power
============================================================================
======================= min_ss_100C_1v60 Corner ===================================

Group                    Internal    Switching      Leakage        Total
                            Power        Power        Power        Power (Watts)
------------------------------------------------------------------------
Sequential           5.140634e-04 3.170997e-06 7.670434e-06 5.249048e-04  44.7%
Combinational        3.248915e-05 8.912732e-05 1.220287e-05 1.338193e-04  11.4%
Clock                2.615592e-04 2.517104e-04 1.143391e-06 5.144131e-04  43.8%
Macro                0.000000e+00 0.000000e+00 0.000000e+00 0.000000e+00   0.0%
Pad                  0.000000e+00 0.000000e+00 0.000000e+00 0.000000e+00   0.0%
------------------------------------------------------------------------
Total                8.081120e-04 3.440088e-04 2.101649e-05 1.173137e-03 100.0%
                            68.9%        29.3%         1.8%

