Clock: clk
Sources: clk 
Generated: no
Virtual: yes
Propagated: no
Period: 25.000000

===========================================================================
report_clock_properties
============================================================================
Clock                   Period          Waveform
----------------------------------------------------
clk                  25.000000    0.000000 12.500000

===========================================================================
report_clock_latency
============================================================================
Clock clk
rise -> rise
    min     max
0.000000 0.000000 source latency
0.428154         network latency _4548_/CLK
        0.563763 network latency _4580_/CLK
---------------
0.428154 0.563763 latency
        0.135610 skew

fall -> fall
    min     max
0.000000 0.000000 source latency
0.347663         network latency _4548_/CLK
        0.478013 network latency _4580_/CLK
---------------
0.347663 0.478013 latency
        0.130350 skew



===========================================================================
report_clock_min_period
============================================================================
clk period_min = 7.03 fmax = 142.18
