Clock: clk
Sources: clk 
Generated: no
Virtual: yes
Propagated: no
Period: 25.000000

===========================================================================
report_clock_properties
============================================================================
Clock                   Period          Waveform
----------------------------------------------------
clk                  25.000000    0.000000 12.500000

===========================================================================
report_clock_latency
============================================================================
Clock clk
rise -> rise
    min     max
0.000000 0.000000 source latency
1.052876         network latency _4548_/CLK
        1.393514 network latency _4580_/CLK
---------------
1.052876 1.393514 latency
        0.340638 skew

fall -> fall
    min     max
0.000000 0.000000 source latency
0.897256         network latency _4548_/CLK
        1.223317 network latency _4580_/CLK
---------------
0.897256 1.223317 latency
        0.326061 skew



===========================================================================
report_clock_min_period
============================================================================
clk period_min = 22.46 fmax = 44.53
