Clock: clk
Sources: clk 
Generated: no
Virtual: yes
Propagated: no
Period: 25.000000

===========================================================================
report_clock_properties
============================================================================
Clock                   Period          Waveform
----------------------------------------------------
clk                  25.000000    0.000000 12.500000

===========================================================================
report_clock_latency
============================================================================
Clock clk
rise -> rise
    min     max
0.000000 0.000000 source latency
0.590083         network latency _4548_/CLK
        0.780349 network latency _4580_/CLK
---------------
0.590083 0.780349 latency
        0.190265 skew

fall -> fall
    min     max
0.000000 0.000000 source latency
0.486313         network latency _4548_/CLK
        0.669114 network latency _4580_/CLK
---------------
0.486313 0.669114 latency
        0.182800 skew



===========================================================================
report_clock_min_period
============================================================================
clk period_min = 11.09 fmax = 90.21
