
===========================================================================
report_checks -unconstrained
===========================================================================
======================= nom_tt_025C_1v80 Corner ===================================

Startpoint: rst_n (input port clocked by clk)
Endpoint: _4363_ (recovery check against rising-edge clock clk)
Path Group: asynchronous
Path Type: max

Fanout         Cap        Slew       Delay        Time   Description
---------------------------------------------------------------------------------------------
                                  0.000000    0.000000   clock clk (rise edge)
                                  0.000000    0.000000   clock network delay (propagated)
                                  5.000000    5.000000 ^ input external delay
     1    0.002657    0.019123    0.009817    5.009818 ^ rst_n (in)
                                                         rst_n (net)
                      0.019123    0.000000    5.009818 ^ input1/A (sky130_fd_sc_hd__clkbuf_1)
     1    0.003794    0.054944    0.079593    5.089411 ^ input1/X (sky130_fd_sc_hd__clkbuf_1)
                                                         net1 (net)
                      0.054944    0.000119    5.089530 ^ fanout173/A (sky130_fd_sc_hd__buf_4)
     8    0.090019    0.249607    0.259728    5.349257 ^ fanout173/X (sky130_fd_sc_hd__buf_4)
                                                         net173 (net)
                      0.250246    0.010314    5.359571 ^ fanout145/A (sky130_fd_sc_hd__clkbuf_4)
     8    0.064375    0.196081    0.316181    5.675752 ^ fanout145/X (sky130_fd_sc_hd__clkbuf_4)
                                                         net145 (net)
                      0.196365    0.005149    5.680901 ^ fanout142/A (sky130_fd_sc_hd__buf_2)
     7    0.044907    0.220540    0.280524    5.961425 ^ fanout142/X (sky130_fd_sc_hd__buf_2)
                                                         net142 (net)
                      0.220640    0.001963    5.963388 ^ fanout139/A (sky130_fd_sc_hd__clkbuf_4)
    10    0.050787    0.157983    0.279905    6.243294 ^ fanout139/X (sky130_fd_sc_hd__clkbuf_4)
                                                         net139 (net)
                      0.157983    0.000512    6.243806 ^ fanout138/A (sky130_fd_sc_hd__clkbuf_4)
    10    0.049210    0.154656    0.255888    6.499694 ^ fanout138/X (sky130_fd_sc_hd__clkbuf_4)
                                                         net138 (net)
                      0.154672    0.001687    6.501381 ^ _4363_/RESET_B (sky130_fd_sc_hd__dfrtp_4)
                                              6.501381   data arrival time

                                 25.000000   25.000000   clock clk (rise edge)
                                  0.000000   25.000000   clock source latency
     1    0.045808    0.210520    0.148132   25.148132 ^ clk (in)
                                                         clk (net)
                      0.210651    0.000000   25.148132 ^ clkbuf_0_clk/A (sky130_fd_sc_hd__clkbuf_16)
     8    0.132173    0.145853    0.261625   25.409758 ^ clkbuf_0_clk/X (sky130_fd_sc_hd__clkbuf_16)
                                                         clknet_0_clk (net)
                      0.146389    0.006532   25.416288 ^ clkbuf_3_2__f_clk/A (sky130_fd_sc_hd__clkbuf_16)
    10    0.086979    0.103586    0.211520   25.627808 ^ clkbuf_3_2__f_clk/X (sky130_fd_sc_hd__clkbuf_16)
                                                         clknet_3_2__leaf_clk (net)
                      0.103685    0.002879   25.630688 ^ clkbuf_leaf_13_clk/A (sky130_fd_sc_hd__clkbuf_8)
    13    0.041264    0.083851    0.179416   25.810102 ^ clkbuf_leaf_13_clk/X (sky130_fd_sc_hd__clkbuf_8)
                                                         clknet_leaf_13_clk (net)
                      0.083885    0.001588   25.811691 ^ _4363_/CLK (sky130_fd_sc_hd__dfrtp_4)
                                 -0.250000   25.561691   clock uncertainty
                                  0.000000   25.561691   clock reconvergence pessimism
                                  0.193915   25.755606   library recovery time
                                             25.755606   data required time
---------------------------------------------------------------------------------------------
                                             25.755606   data required time
                                             -6.501381   data arrival time
---------------------------------------------------------------------------------------------
                                             19.254225   slack (MET)


Startpoint: _4736_ (rising edge-triggered flip-flop clocked by clk)
Endpoint: _4553_ (rising edge-triggered flip-flop clocked by clk)
Path Group: clk
Path Type: max

Fanout         Cap        Slew       Delay        Time   Description
---------------------------------------------------------------------------------------------
                                  0.000000    0.000000   clock clk (rise edge)
                                  0.000000    0.000000   clock source latency
     1    0.045808    0.210520    0.148133    0.148133 ^ clk (in)
                                                         clk (net)
                      0.210651    0.000000    0.148133 ^ clkbuf_0_clk/A (sky130_fd_sc_hd__clkbuf_16)
     8    0.132173    0.145853    0.261625    0.409758 ^ clkbuf_0_clk/X (sky130_fd_sc_hd__clkbuf_16)
                                                         clknet_0_clk (net)
                      0.146389    0.006532    0.416290 ^ clkbuf_3_2__f_clk/A (sky130_fd_sc_hd__clkbuf_16)
    10    0.086979    0.103586    0.211520    0.627809 ^ clkbuf_3_2__f_clk/X (sky130_fd_sc_hd__clkbuf_16)
                                                         clknet_3_2__leaf_clk (net)
                      0.103646    0.002309    0.630118 ^ clkbuf_leaf_8_clk/A (sky130_fd_sc_hd__clkbuf_8)
    13    0.041354    0.083995    0.179626    0.809744 ^ clkbuf_leaf_8_clk/X (sky130_fd_sc_hd__clkbuf_8)
                                                         clknet_leaf_8_clk (net)
                      0.084002    0.000859    0.810603 ^ _4736_/CLK (sky130_fd_sc_hd__dfrtp_1)
     3    0.019688    0.179945    0.436101    1.246704 ^ _4736_/Q (sky130_fd_sc_hd__dfrtp_1)
                                                         top_inst.hash_generator_inst.sum[0] (net)
                      0.179945    0.000437    1.247141 ^ fanout101/A (sky130_fd_sc_hd__buf_4)
    10    0.068894    0.192398    0.262815    1.509957 ^ fanout101/X (sky130_fd_sc_hd__buf_4)
                                                         net101 (net)
                      0.192610    0.005254    1.515210 ^ fanout100/A (sky130_fd_sc_hd__clkbuf_4)
     8    0.054906    0.169129    0.279090    1.794300 ^ fanout100/X (sky130_fd_sc_hd__clkbuf_4)
                                                         net100 (net)
                      0.169145    0.001782    1.796082 ^ fanout99/A (sky130_fd_sc_hd__buf_2)
    10    0.038213    0.188768    0.251959    2.048041 ^ fanout99/X (sky130_fd_sc_hd__buf_2)
                                                         net99 (net)
                      0.188770    0.000941    2.048982 ^ _2591_/S0 (sky130_fd_sc_hd__mux4_1)
     2    0.009850    0.122733    0.630926    2.679908 v _2591_/X (sky130_fd_sc_hd__mux4_1)
                                                         _0538_ (net)
                      0.122733    0.000347    2.680255 v _2592_/B (sky130_fd_sc_hd__and2_1)
     3    0.007856    0.056298    0.209456    2.889711 v _2592_/X (sky130_fd_sc_hd__and2_1)
                                                         _0539_ (net)
                      0.056298    0.000090    2.889801 v _2594_/A_N (sky130_fd_sc_hd__nand2b_1)
     1    0.004557    0.052388    0.151257    3.041058 v _2594_/Y (sky130_fd_sc_hd__nand2b_1)
                                                         _0541_ (net)
                      0.052388    0.000134    3.041192 v _2595_/B (sky130_fd_sc_hd__xor2_1)
     1    0.004741    0.060852    0.147432    3.188623 v _2595_/X (sky130_fd_sc_hd__xor2_1)
                                                         _0542_ (net)
                      0.060852    0.000100    3.188723 v _2601_/A (sky130_fd_sc_hd__xnor2_1)
     2    0.010872    0.273638    0.272352    3.461075 ^ _2601_/Y (sky130_fd_sc_hd__xnor2_1)
                                                         _0548_ (net)
                      0.273638    0.000125    3.461200 ^ _2603_/B (sky130_fd_sc_hd__xor2_2)
     2    0.012589    0.192581    0.228463    3.689664 ^ _2603_/X (sky130_fd_sc_hd__xor2_2)
                                                         _0550_ (net)
                      0.192581    0.000201    3.689864 ^ _2622_/A1 (sky130_fd_sc_hd__a21o_1)
     2    0.020091    0.178587    0.240949    3.930813 ^ _2622_/X (sky130_fd_sc_hd__a21o_1)
                                                         _0568_ (net)
                      0.178587    0.000584    3.931397 ^ _2643_/A2 (sky130_fd_sc_hd__a21o_1)
     2    0.013305    0.122222    0.202342    4.133739 ^ _2643_/X (sky130_fd_sc_hd__a21o_1)
                                                         _0588_ (net)
                      0.122222    0.000427    4.134166 ^ _2647_/A2 (sky130_fd_sc_hd__a21o_2)
     2    0.021984    0.117444    0.204424    4.338590 ^ _2647_/X (sky130_fd_sc_hd__a21o_2)
                                                         _0591_ (net)
                      0.117445    0.000486    4.339076 ^ _2687_/A1 (sky130_fd_sc_hd__a21o_1)
     2    0.020144    0.178804    0.225457    4.564532 ^ _2687_/X (sky130_fd_sc_hd__a21o_1)
                                                         _0630_ (net)
                      0.178804    0.000594    4.565126 ^ _2690_/A2 (sky130_fd_sc_hd__a21o_1)
     2    0.020865    0.185001    0.246982    4.812109 ^ _2690_/X (sky130_fd_sc_hd__a21o_1)
                                                         _0632_ (net)
                      0.185001    0.000375    4.812484 ^ _2709_/A1 (sky130_fd_sc_hd__a21o_2)
     5    0.039232    0.198039    0.275842    5.088326 ^ _2709_/X (sky130_fd_sc_hd__a21o_2)
                                                         _0650_ (net)
                      0.198044    0.001210    5.089535 ^ _2831_/D_N (sky130_fd_sc_hd__or4b_2)
     3    0.013866    0.142672    0.674218    5.763753 v _2831_/X (sky130_fd_sc_hd__or4b_2)
                                                         _0768_ (net)
                      0.142672    0.000542    5.764296 v _2856_/A1 (sky130_fd_sc_hd__a211o_2)
     5    0.026602    0.105726    0.399927    6.164223 v _2856_/X (sky130_fd_sc_hd__a211o_2)
                                                         _0792_ (net)
                      0.105730    0.000757    6.164980 v _2878_/C (sky130_fd_sc_hd__nand3_2)
     2    0.020548    0.125775    0.149377    6.314357 ^ _2878_/Y (sky130_fd_sc_hd__nand3_2)
                                                         _0813_ (net)
                      0.125778    0.000483    6.314839 ^ _2899_/A2 (sky130_fd_sc_hd__a21bo_1)
     1    0.016385    0.143320    0.201270    6.516109 ^ _2899_/X (sky130_fd_sc_hd__a21bo_1)
                                                         _0833_ (net)
                      0.143320    0.000512    6.516622 ^ _2900_/B (sky130_fd_sc_hd__xor2_4)
     6    0.036678    0.294041    0.297309    6.813931 ^ _2900_/X (sky130_fd_sc_hd__xor2_4)
                                                         _0834_ (net)
                      0.294042    0.000437    6.814367 ^ _3481_/B (sky130_fd_sc_hd__xnor2_2)
     4    0.017678    0.262885    0.197092    7.011460 ^ _3481_/Y (sky130_fd_sc_hd__xnor2_2)
                                                         _1388_ (net)
                      0.262885    0.000377    7.011836 ^ _3483_/B (sky130_fd_sc_hd__xnor2_1)
     2    0.006676    0.082052    0.130774    7.142610 v _3483_/Y (sky130_fd_sc_hd__xnor2_1)
                                                         _1390_ (net)
                      0.082052    0.000127    7.142737 v _3526_/A (sky130_fd_sc_hd__or4b_2)
     4    0.015219    0.145750    0.747301    7.890038 v _3526_/X (sky130_fd_sc_hd__or4b_2)
                                                         _1431_ (net)
                      0.145750    0.000744    7.890782 v _3630_/A1 (sky130_fd_sc_hd__a211o_1)
     4    0.012990    0.092347    0.342210    8.232992 v _3630_/X (sky130_fd_sc_hd__a211o_1)
                                                         _1531_ (net)
                      0.092348    0.000503    8.233495 v _3734_/A1 (sky130_fd_sc_hd__a211o_1)
     3    0.010962    0.084096    0.313362    8.546857 v _3734_/X (sky130_fd_sc_hd__a211o_1)
                                                         _1631_ (net)
                      0.084096    0.000421    8.547277 v _3830_/A1 (sky130_fd_sc_hd__a211o_1)
     2    0.010519    0.082203    0.308259    8.855537 v _3830_/X (sky130_fd_sc_hd__a211o_1)
                                                         _1723_ (net)
                      0.082203    0.000405    8.855942 v _3832_/A3 (sky130_fd_sc_hd__a311o_1)
     2    0.008874    0.082811    0.395528    9.251470 v _3832_/X (sky130_fd_sc_hd__a311o_1)
                                                         _1725_ (net)
                      0.082811    0.000299    9.251769 v _3883_/A2 (sky130_fd_sc_hd__a31oi_2)
     2    0.009746    0.193634    0.225812    9.477582 ^ _3883_/Y (sky130_fd_sc_hd__a31oi_2)
                                                         _1774_ (net)
                      0.193635    0.000245    9.477827 ^ _3904_/A2 (sky130_fd_sc_hd__a21oi_1)
     2    0.008253    0.098205    0.129917    9.607744 v _3904_/Y (sky130_fd_sc_hd__a21oi_1)
                                                         _1794_ (net)
                      0.098205    0.000201    9.607944 v _3905_/B (sky130_fd_sc_hd__xnor2_1)
     1    0.008978    0.235755    0.240577    9.848522 ^ _3905_/Y (sky130_fd_sc_hd__xnor2_1)
                                                         _1795_ (net)
                      0.235755    0.000271    9.848793 ^ _3906_/B (sky130_fd_sc_hd__xnor2_2)
     3    0.015671    0.101098    0.134126    9.982919 v _3906_/Y (sky130_fd_sc_hd__xnor2_2)
                                                         _1796_ (net)
                      0.101101    0.000752    9.983671 v _3908_/B (sky130_fd_sc_hd__xnor2_1)
     4    0.013621    0.328786    0.311555   10.295226 ^ _3908_/Y (sky130_fd_sc_hd__xnor2_1)
                                                         _1798_ (net)
                      0.328786    0.000209   10.295435 ^ _3933_/A2 (sky130_fd_sc_hd__o32ai_1)
     1    0.003346    0.078731    0.140874   10.436309 v _3933_/Y (sky130_fd_sc_hd__o32ai_1)
                                                         _1822_ (net)
                      0.078731    0.000077   10.436386 v _3934_/B1 (sky130_fd_sc_hd__a31o_1)
     2    0.006192    0.051898    0.209528   10.645915 v _3934_/X (sky130_fd_sc_hd__a31o_1)
                                                         _1823_ (net)
                      0.051898    0.000173   10.646088 v _3935_/B (sky130_fd_sc_hd__and2_1)
     5    0.018923    0.102295    0.218260   10.864348 v _3935_/X (sky130_fd_sc_hd__and2_1)
                                                         _1824_ (net)
                      0.102298    0.000676   10.865024 v _3977_/B2 (sky130_fd_sc_hd__o221ai_4)
     3    0.009731    0.186320    0.173283   11.038306 ^ _3977_/Y (sky130_fd_sc_hd__o221ai_4)
                                                         _1864_ (net)
                      0.186321    0.000252   11.038559 ^ _3991_/A2 (sky130_fd_sc_hd__a31o_1)
     1    0.001831    0.038144    0.158367   11.196925 ^ _3991_/X (sky130_fd_sc_hd__a31o_1)
                                                         _1877_ (net)
                      0.038144    0.000036   11.196962 ^ _3992_/A2_N (sky130_fd_sc_hd__a2bb2o_1)
     1    0.002366    0.047839    0.264014   11.460976 v _3992_/X (sky130_fd_sc_hd__a2bb2o_1)
                                                         _0207_ (net)
                      0.047839    0.000068   11.461043 v _4553_/D (sky130_fd_sc_hd__dfrtp_4)
                                             11.461043   data arrival time

                                 25.000000   25.000000   clock clk (rise edge)
                                  0.000000   25.000000   clock source latency
     1    0.045808    0.210520    0.148132   25.148132 ^ clk (in)
                                                         clk (net)
                      0.210651    0.000000   25.148132 ^ clkbuf_0_clk/A (sky130_fd_sc_hd__clkbuf_16)
     8    0.132173    0.145853    0.261625   25.409758 ^ clkbuf_0_clk/X (sky130_fd_sc_hd__clkbuf_16)
                                                         clknet_0_clk (net)
                      0.146323    0.006045   25.415802 ^ clkbuf_3_3__f_clk/A (sky130_fd_sc_hd__clkbuf_16)
     8    0.077144    0.094364    0.204039   25.619841 ^ clkbuf_3_3__f_clk/X (sky130_fd_sc_hd__clkbuf_16)
                                                         clknet_3_3__leaf_clk (net)
                      0.094444    0.002506   25.622347 ^ _4553_/CLK (sky130_fd_sc_hd__dfrtp_4)
                                 -0.250000   25.372349   clock uncertainty
                                  0.000000   25.372349   clock reconvergence pessimism
                                 -0.104195   25.268154   library setup time
                                             25.268154   data required time
---------------------------------------------------------------------------------------------
                                             25.268154   data required time
                                            -11.461043   data arrival time
---------------------------------------------------------------------------------------------
                                             13.807112   slack (MET)




===========================================================================
report_checks --slack_max -0.01
============================================================================
======================= nom_tt_025C_1v80 Corner ===================================

No paths found.


===========================================================================
 report_check_types -max_slew -max_cap -max_fanout -violators
============================================================================
======================= nom_tt_025C_1v80 Corner ===================================

max fanout

Pin                                   Limit Fanout  Slack
---------------------------------------------------------
clkbuf_leaf_43_clk/X                     10     15     -5 (VIOLATED)
clkbuf_leaf_44_clk/X                     10     15     -5 (VIOLATED)
clkbuf_leaf_0_clk/X                      10     13     -3 (VIOLATED)
clkbuf_leaf_13_clk/X                     10     13     -3 (VIOLATED)
clkbuf_leaf_14_clk/X                     10     13     -3 (VIOLATED)
clkbuf_leaf_2_clk/X                      10     13     -3 (VIOLATED)
clkbuf_leaf_31_clk/X                     10     13     -3 (VIOLATED)
clkbuf_leaf_8_clk/X                      10     13     -3 (VIOLATED)
clkbuf_leaf_29_clk/X                     10     12     -2 (VIOLATED)
clkbuf_leaf_57_clk/X                     10     12     -2 (VIOLATED)
clkbuf_leaf_11_clk/X                     10     11        (VIOLATED)
clkbuf_leaf_1_clk/X                      10     11        (VIOLATED)
clkbuf_leaf_35_clk/X                     10     11        (VIOLATED)
clkbuf_leaf_39_clk/X                     10     11        (VIOLATED)
clkbuf_leaf_42_clk/X                     10     11        (VIOLATED)



===========================================================================
report_parasitic_annotation -report_unannotated
============================================================================
Found 72 unannotated drivers.
 ena
 uio_in[1]
 uio_in[2]
 uio_in[6]
 uio_in[7]
 clkload0/Y
 clkload1/Y
 clkload10/Y
 clkload11/Y
 clkload12/X
 clkload13/X
 clkload14/Y
 clkload15/X
 clkload16/X
 clkload17/Y
 clkload18/X
 clkload19/Y
 clkload2/X
 clkload20/Y
 clkload21/Y
 clkload22/Y
 clkload23/X
 clkload24/Y
 clkload25/Y
 clkload26/Y
 clkload27/Y
 clkload28/X
 clkload29/Y
 clkload3/Y
 clkload30/X
 clkload31/Y
 clkload32/Y
 clkload33/Y
 clkload34/Y
 clkload35/Y
 clkload36/Y
 clkload37/X
 clkload38/Y
 clkload39/X
 clkload4/Y
 clkload40/Y
 clkload41/Y
 clkload42/X
 clkload43/Y
 clkload44/X
 clkload45/Y
 clkload46/Y
 clkload47/Y
 clkload48/X
 clkload49/Y
 clkload5/Y
 clkload50/Y
 clkload51/X
 clkload52/Y
 clkload6/Y
 clkload7/Y
 clkload8/Y
 clkload9/Y
 stream_cipher_174/HI
 stream_cipher_175/HI
 stream_cipher_176/HI
 stream_cipher_177/HI
 stream_cipher_178/HI
 stream_cipher_179/HI
 stream_cipher_180/HI
 stream_cipher_181/HI
 stream_cipher_182/HI
 stream_cipher_183/HI
 stream_cipher_184/HI
 stream_cipher_185/HI
 stream_cipher_186/LO
 stream_cipher_187/LO
Found 0 partially unannotated drivers.

===========================================================================
max slew violation count 0
max fanout violation count 15
max cap violation count 0
============================================================================

===========================================================================
check_setup -verbose -unconstrained_endpoints -multiple_clock -no_clock -no_input_delay -loops -generated_clocks
===========================================================================
Warning: There are 14 unconstrained endpoints.
  uio_oe[0]
  uio_oe[1]
  uio_oe[2]
  uio_oe[3]
  uio_oe[4]
  uio_oe[5]
  uio_oe[6]
  uio_oe[7]
  uio_out[0]
  uio_out[3]
  uio_out[4]
  uio_out[5]
  uio_out[6]
  uio_out[7]
