Clock: clk
Sources: clk 
Generated: no
Virtual: yes
Propagated: no
Period: 25.000000

===========================================================================
report_clock_properties
============================================================================
Clock                   Period          Waveform
----------------------------------------------------
clk                  25.000000    0.000000 12.500000

===========================================================================
report_clock_latency
============================================================================
Clock clk
rise -> rise
    min     max
0.000000 0.000000 source latency
0.546571         network latency _4528_/CLK
        0.790493 network latency _4706_/CLK
---------------
0.546571 0.790493 latency
        0.243922 skew

fall -> fall
    min     max
0.000000 0.000000 source latency
0.459131         network latency _4528_/CLK
        0.679558 network latency _4706_/CLK
---------------
0.459131 0.679558 latency
        0.220426 skew



===========================================================================
report_clock_min_period
============================================================================
clk period_min = 11.09 fmax = 90.17
