
===========================================================================
 report_power
============================================================================
======================= min_ss_100C_1v60 Corner ===================================

Group                    Internal    Switching      Leakage        Total
                            Power        Power        Power        Power (Watts)
------------------------------------------------------------------------
Sequential           2.073989e-05 5.718347e-06 2.073600e-07 2.666560e-05  32.3%
Combinational        1.739040e-05 1.433179e-05 2.268035e-07 3.194899e-05  38.7%
Clock                1.815457e-05 5.648483e-06 6.451242e-08 2.386756e-05  28.9%
Macro                0.000000e+00 0.000000e+00 0.000000e+00 0.000000e+00   0.0%
Pad                  0.000000e+00 0.000000e+00 0.000000e+00 0.000000e+00   0.0%
------------------------------------------------------------------------
Total                5.628485e-05 2.569861e-05 4.986755e-07 8.248213e-05 100.0%
                            68.2%        31.2%         0.6%

