
===========================================================================
report_checks -unconstrained
===========================================================================
======================= nom_tt_025C_1v80 Corner ===================================

Startpoint: rst_n (input port clocked by clk)
Endpoint: _072_ (recovery check against rising-edge clock clk)
Path Group: asynchronous
Path Type: max

Fanout         Cap        Slew       Delay        Time   Description
---------------------------------------------------------------------------------------------
                                  0.000000    0.000000   clock clk (rise edge)
                                  0.000000    0.000000   clock network delay (propagated)
                                  5.000000    5.000000 ^ input external delay
     1    0.002497    0.018442    0.009252    5.009252 ^ rst_n (in)
                                                         rst_n (net)
                      0.018442    0.000000    5.009252 ^ input1/A (sky130_fd_sc_hd__buf_1)
     2    0.017169    0.206186    0.184286    5.193538 ^ input1/X (sky130_fd_sc_hd__buf_1)
                                                         net1 (net)
                      0.206196    0.001186    5.194725 ^ fanout4/A (sky130_fd_sc_hd__clkbuf_4)
    10    0.050149    0.156964    0.273693    5.468417 ^ fanout4/X (sky130_fd_sc_hd__clkbuf_4)
                                                         net4 (net)
                      0.157033    0.003060    5.471477 ^ _072_/RESET_B (sky130_fd_sc_hd__dfrtp_1)
                                              5.471477   data arrival time

                                 25.000000   25.000000   clock clk (rise edge)
                                  0.000000   25.000000   clock source latency
     1    0.016540    0.080106    0.055287   25.055286 ^ clk (in)
                                                         clk (net)
                      0.080133    0.000000   25.055286 ^ clkbuf_0_clk/A (sky130_fd_sc_hd__clkbuf_16)
     2    0.020731    0.042491    0.138835   25.194120 ^ clkbuf_0_clk/X (sky130_fd_sc_hd__clkbuf_16)
                                                         clknet_0_clk (net)
                      0.042498    0.000554   25.194675 ^ clkbuf_1_0__f_clk/A (sky130_fd_sc_hd__clkbuf_16)
     6    0.017313    0.039560    0.121899   25.316574 ^ clkbuf_1_0__f_clk/X (sky130_fd_sc_hd__clkbuf_16)
                                                         clknet_1_0__leaf_clk (net)
                      0.039561    0.000311   25.316885 ^ _072_/CLK (sky130_fd_sc_hd__dfrtp_1)
                                 -0.250000   25.066887   clock uncertainty
                                  0.000000   25.066887   clock reconvergence pessimism
                                  0.199635   25.266521   library recovery time
                                             25.266521   data required time
---------------------------------------------------------------------------------------------
                                             25.266521   data required time
                                             -5.471477   data arrival time
---------------------------------------------------------------------------------------------
                                             19.795044   slack (MET)


Startpoint: _076_ (rising edge-triggered flip-flop clocked by clk)
Endpoint: uo_out[0] (output port clocked by clk)
Path Group: clk
Path Type: max

Fanout         Cap        Slew       Delay        Time   Description
---------------------------------------------------------------------------------------------
                                  0.000000    0.000000   clock clk (rise edge)
                                  0.000000    0.000000   clock source latency
     1    0.016540    0.080106    0.055288    0.055288 ^ clk (in)
                                                         clk (net)
                      0.080133    0.000000    0.055288 ^ clkbuf_0_clk/A (sky130_fd_sc_hd__clkbuf_16)
     2    0.020731    0.042491    0.138835    0.194123 ^ clkbuf_0_clk/X (sky130_fd_sc_hd__clkbuf_16)
                                                         clknet_0_clk (net)
                      0.042506    0.000697    0.194820 ^ clkbuf_1_1__f_clk/A (sky130_fd_sc_hd__clkbuf_16)
     6    0.020211    0.042015    0.124526    0.319346 ^ clkbuf_1_1__f_clk/X (sky130_fd_sc_hd__clkbuf_16)
                                                         clknet_1_1__leaf_clk (net)
                      0.042028    0.000855    0.320200 ^ _076_/CLK (sky130_fd_sc_hd__dfstp_1)
     5    0.012010    0.118849    0.551096    0.871296 ^ _076_/Q (sky130_fd_sc_hd__dfstp_1)
                                                         top_inst.red (net)
                      0.118849    0.000213    0.871509 ^ _098_/A (sky130_fd_sc_hd__buf_2)
     1    0.035378    0.175803    0.228835    1.100344 ^ _098_/X (sky130_fd_sc_hd__buf_2)
                                                         uo_out[0] (net)
                      0.175805    0.000878    1.101222 ^ uo_out[0] (out)
                                              1.101222   data arrival time

                                 25.000000   25.000000   clock clk (rise edge)
                                  0.000000   25.000000   clock network delay (propagated)
                                 -0.250000   24.750000   clock uncertainty
                                  0.000000   24.750000   clock reconvergence pessimism
                                 -5.000000   19.750000   output external delay
                                             19.750000   data required time
---------------------------------------------------------------------------------------------
                                             19.750000   data required time
                                             -1.101222   data arrival time
---------------------------------------------------------------------------------------------
                                             18.648777   slack (MET)




===========================================================================
report_checks --slack_max -0.01
============================================================================
======================= nom_tt_025C_1v80 Corner ===================================

No paths found.


===========================================================================
 report_check_types -max_slew -max_cap -max_fanout -violators
============================================================================
======================= nom_tt_025C_1v80 Corner ===================================



===========================================================================
report_parasitic_annotation -report_unannotated
============================================================================
Found 38 unannotated drivers.
 ena
 ui_in[1]
 ui_in[2]
 ui_in[3]
 ui_in[4]
 ui_in[5]
 ui_in[6]
 ui_in[7]
 uio_in[0]
 uio_in[1]
 uio_in[2]
 uio_in[3]
 uio_in[4]
 uio_in[5]
 uio_in[6]
 uio_in[7]
 clkload0/X
 stoplight_example_10/HI
 stoplight_example_11/HI
 stoplight_example_12/HI
 stoplight_example_13/HI
 stoplight_example_14/HI
 stoplight_example_15/HI
 stoplight_example_16/HI
 stoplight_example_17/HI
 stoplight_example_18/HI
 stoplight_example_19/HI
 stoplight_example_20/HI
 stoplight_example_21/HI
 stoplight_example_22/HI
 stoplight_example_23/HI
 stoplight_example_24/HI
 stoplight_example_25/HI
 stoplight_example_5/HI
 stoplight_example_6/HI
 stoplight_example_7/HI
 stoplight_example_8/HI
 stoplight_example_9/HI
Found 0 partially unannotated drivers.

===========================================================================
max slew violation count 0
max fanout violation count 0
max cap violation count 0
============================================================================

===========================================================================
check_setup -verbose -unconstrained_endpoints -multiple_clock -no_clock -no_input_delay -loops -generated_clocks
===========================================================================
Warning: There are 21 unconstrained endpoints.
  uio_oe[0]
  uio_oe[1]
  uio_oe[2]
  uio_oe[3]
  uio_oe[4]
  uio_oe[5]
  uio_oe[6]
  uio_oe[7]
  uio_out[0]
  uio_out[1]
  uio_out[2]
  uio_out[3]
  uio_out[4]
  uio_out[5]
  uio_out[6]
  uio_out[7]
  uo_out[3]
  uo_out[4]
  uo_out[5]
  uo_out[6]
  uo_out[7]
