
===========================================================================
report_checks -unconstrained
===========================================================================
======================= max_tt_025C_1v80 Corner ===================================

Startpoint: rst_n (input port clocked by clk)
Endpoint: _4704_ (recovery check against rising-edge clock clk)
Path Group: asynchronous
Path Type: max

Fanout         Cap        Slew       Delay        Time   Description
---------------------------------------------------------------------------------------------
                                  0.000000    0.000000   clock clk (rise edge)
                                  0.000000    0.000000   clock network delay (propagated)
                                  5.000000    5.000000 ^ input external delay
     1    0.002171    0.017074    0.008150    5.008151 ^ rst_n (in)
                                                         rst_n (net)
                      0.017074    0.000000    5.008151 ^ input1/A (sky130_fd_sc_hd__buf_2)
     5    0.056435    0.275160    0.254695    5.262846 ^ input1/X (sky130_fd_sc_hd__buf_2)
                                                         net1 (net)
                      0.275321    0.005544    5.268390 ^ fanout166/A (sky130_fd_sc_hd__clkbuf_4)
    10    0.059697    0.183607    0.312535    5.580925 ^ fanout166/X (sky130_fd_sc_hd__clkbuf_4)
                                                         net166 (net)
                      0.184715    0.011492    5.592416 ^ fanout164/A (sky130_fd_sc_hd__clkbuf_4)
     9    0.054930    0.169919    0.273693    5.866109 ^ fanout164/X (sky130_fd_sc_hd__clkbuf_4)
                                                         net164 (net)
                      0.170010    0.003261    5.869371 ^ fanout163/A (sky130_fd_sc_hd__clkbuf_4)
    10    0.053269    0.164377    0.267597    6.136968 ^ fanout163/X (sky130_fd_sc_hd__clkbuf_4)
                                                         net163 (net)
                      0.164550    0.003530    6.140498 ^ fanout162/A (sky130_fd_sc_hd__clkbuf_4)
    10    0.052693    0.162744    0.264848    6.405346 ^ fanout162/X (sky130_fd_sc_hd__clkbuf_4)
                                                         net162 (net)
                      0.162810    0.003074    6.408419 ^ _4704_/RESET_B (sky130_fd_sc_hd__dfrtp_4)
                                              6.408419   data arrival time

                                 25.000000   25.000000   clock clk (rise edge)
                                  0.000000   25.000000   clock source latency
     1    0.039754    0.183441    0.129088   25.129087 ^ clk (in)
                                                         clk (net)
                      0.183528    0.000000   25.129087 ^ clkbuf_0_clk/A (sky130_fd_sc_hd__clkbuf_16)
     4    0.077539    0.095726    0.214831   25.343918 ^ clkbuf_0_clk/X (sky130_fd_sc_hd__clkbuf_16)
                                                         clknet_0_clk (net)
                      0.096200    0.005009   25.348927 ^ clkbuf_2_3__f_clk/A (sky130_fd_sc_hd__clkbuf_16)
    10    0.112173    0.125949    0.209871   25.558798 ^ clkbuf_2_3__f_clk/X (sky130_fd_sc_hd__clkbuf_16)
                                                         clknet_2_3__leaf_clk (net)
                      0.126328    0.005576   25.564375 ^ clkbuf_leaf_31_clk/A (sky130_fd_sc_hd__clkbuf_8)
    12    0.038697    0.079910    0.184363   25.748737 ^ clkbuf_leaf_31_clk/X (sky130_fd_sc_hd__clkbuf_8)
                                                         clknet_leaf_31_clk (net)
                      0.079947    0.001613   25.750351 ^ _4704_/CLK (sky130_fd_sc_hd__dfrtp_4)
                                 -0.250000   25.500351   clock uncertainty
                                  0.000000   25.500351   clock reconvergence pessimism
                                  0.190058   25.690409   library recovery time
                                             25.690409   data required time
---------------------------------------------------------------------------------------------
                                             25.690409   data required time
                                             -6.408419   data arrival time
---------------------------------------------------------------------------------------------
                                             19.281990   slack (MET)


Startpoint: _4716_ (rising edge-triggered flip-flop clocked by clk)
Endpoint: _4532_ (rising edge-triggered flip-flop clocked by clk)
Path Group: clk
Path Type: max

Fanout         Cap        Slew       Delay        Time   Description
---------------------------------------------------------------------------------------------
                                  0.000000    0.000000   clock clk (rise edge)
                                  0.000000    0.000000   clock source latency
     1    0.039754    0.183441    0.129088    0.129088 ^ clk (in)
                                                         clk (net)
                      0.183528    0.000000    0.129088 ^ clkbuf_0_clk/A (sky130_fd_sc_hd__clkbuf_16)
     4    0.077539    0.095726    0.214831    0.343919 ^ clkbuf_0_clk/X (sky130_fd_sc_hd__clkbuf_16)
                                                         clknet_0_clk (net)
                      0.096043    0.003967    0.347885 ^ clkbuf_2_1__f_clk/A (sky130_fd_sc_hd__clkbuf_16)
    16    0.158389    0.170226    0.238714    0.586599 ^ clkbuf_2_1__f_clk/X (sky130_fd_sc_hd__clkbuf_16)
                                                         clknet_2_1__leaf_clk (net)
                      0.170819    0.008210    0.594809 ^ clkbuf_leaf_10_clk/A (sky130_fd_sc_hd__clkbuf_8)
     7    0.042577    0.086933    0.202265    0.797074 ^ clkbuf_leaf_10_clk/X (sky130_fd_sc_hd__clkbuf_8)
                                                         clknet_leaf_10_clk (net)
                      0.087073    0.002120    0.799194 ^ _4716_/CLK (sky130_fd_sc_hd__dfrtp_1)
     3    0.025612    0.228247    0.472422    1.271616 ^ _4716_/Q (sky130_fd_sc_hd__dfrtp_1)
                                                         top_inst.hash_generator_inst.sum[0] (net)
                      0.228250    0.001194    1.272810 ^ fanout99/A (sky130_fd_sc_hd__buf_4)
     9    0.067046    0.188459    0.271822    1.544632 ^ fanout99/X (sky130_fd_sc_hd__buf_4)
                                                         net99 (net)
                      0.188769    0.005518    1.550150 ^ fanout98/A (sky130_fd_sc_hd__clkbuf_4)
     8    0.058628    0.179659    0.283751    1.833901 ^ fanout98/X (sky130_fd_sc_hd__clkbuf_4)
                                                         net98 (net)
                      0.179708    0.002462    1.836362 ^ fanout97/A (sky130_fd_sc_hd__buf_2)
    10    0.038805    0.191035    0.255557    2.091919 ^ fanout97/X (sky130_fd_sc_hd__buf_2)
                                                         net97 (net)
                      0.191160    0.002853    2.094772 ^ _2571_/S0 (sky130_fd_sc_hd__mux4_1)
     2    0.008537    0.116258    0.621902    2.716675 v _2571_/X (sky130_fd_sc_hd__mux4_1)
                                                         _0531_ (net)
                      0.116258    0.000635    2.717309 v _2572_/B (sky130_fd_sc_hd__and2_1)
     3    0.007305    0.053902    0.203823    2.921132 v _2572_/X (sky130_fd_sc_hd__and2_1)
                                                         _0532_ (net)
                      0.053903    0.000364    2.921496 v _2574_/A_N (sky130_fd_sc_hd__nand2b_1)
     1    0.004893    0.054483    0.152060    3.073556 v _2574_/Y (sky130_fd_sc_hd__nand2b_1)
                                                         _0534_ (net)
                      0.054485    0.000364    3.073920 v _2575_/B (sky130_fd_sc_hd__xor2_1)
     1    0.005374    0.064435    0.151110    3.225030 v _2575_/X (sky130_fd_sc_hd__xor2_1)
                                                         _0535_ (net)
                      0.064437    0.000391    3.225421 v _2581_/A (sky130_fd_sc_hd__xnor2_1)
     2    0.012471    0.305924    0.297430    3.522851 ^ _2581_/Y (sky130_fd_sc_hd__xnor2_1)
                                                         _0541_ (net)
                      0.305926    0.000716    3.523567 ^ _2583_/B (sky130_fd_sc_hd__xor2_2)
     2    0.013429    0.201521    0.236793    3.760360 ^ _2583_/X (sky130_fd_sc_hd__xor2_2)
                                                         _0543_ (net)
                      0.201521    0.000483    3.760843 ^ _2602_/A1 (sky130_fd_sc_hd__a21o_1)
     2    0.019832    0.176617    0.240724    4.001567 ^ _2602_/X (sky130_fd_sc_hd__a21o_1)
                                                         _0561_ (net)
                      0.176619    0.000995    4.002562 ^ _2623_/A2 (sky130_fd_sc_hd__a21o_1)
     2    0.007940    0.078732    0.169729    4.172291 ^ _2623_/X (sky130_fd_sc_hd__a21o_1)
                                                         _0581_ (net)
                      0.078734    0.000509    4.172800 ^ _2627_/A2 (sky130_fd_sc_hd__a21o_2)
     2    0.022859    0.121392    0.193372    4.366172 ^ _2627_/X (sky130_fd_sc_hd__a21o_2)
                                                         _0584_ (net)
                      0.121416    0.001684    4.367857 ^ _2667_/A1 (sky130_fd_sc_hd__a21o_1)
     2    0.021134    0.187054    0.232030    4.599886 ^ _2667_/X (sky130_fd_sc_hd__a21o_1)
                                                         _0623_ (net)
                      0.187065    0.001181    4.601068 ^ _2670_/A2 (sky130_fd_sc_hd__a21o_2)
     2    0.021687    0.115897    0.219417    4.820485 ^ _2670_/X (sky130_fd_sc_hd__a21o_2)
                                                         _0625_ (net)
                      0.115898    0.000635    4.821120 ^ _2688_/A1 (sky130_fd_sc_hd__a21o_2)
     5    0.032028    0.165318    0.232724    5.053843 ^ _2688_/X (sky130_fd_sc_hd__a21o_2)
                                                         _0642_ (net)
                      0.165350    0.002242    5.056085 ^ _2813_/D_N (sky130_fd_sc_hd__or4b_1)
     2    0.007943    0.116040    0.495738    5.551823 v _2813_/X (sky130_fd_sc_hd__or4b_1)
                                                         _0763_ (net)
                      0.116040    0.000519    5.552342 v _2816_/A (sky130_fd_sc_hd__and2_2)
     3    0.029690    0.094336    0.260856    5.813199 v _2816_/X (sky130_fd_sc_hd__and2_2)
                                                         _0766_ (net)
                      0.094373    0.001747    5.814945 v _2861_/A1 (sky130_fd_sc_hd__o21ai_4)
     2    0.019623    0.186056    0.221961    6.036906 ^ _2861_/Y (sky130_fd_sc_hd__o21ai_4)
                                                         _0809_ (net)
                      0.186061    0.001149    6.038055 ^ _2881_/A2 (sky130_fd_sc_hd__a21bo_1)
     1    0.016694    0.146045    0.214795    6.252851 ^ _2881_/X (sky130_fd_sc_hd__a21bo_1)
                                                         _0828_ (net)
                      0.146055    0.001303    6.254153 ^ _2882_/B (sky130_fd_sc_hd__xor2_4)
     6    0.035480    0.286712    0.291724    6.545877 ^ _2882_/X (sky130_fd_sc_hd__xor2_4)
                                                         _0829_ (net)
                      0.286713    0.000322    6.546200 ^ _3462_/B (sky130_fd_sc_hd__xnor2_1)
     3    0.012033    0.297199    0.227022    6.773222 ^ _3462_/Y (sky130_fd_sc_hd__xnor2_1)
                                                         _1382_ (net)
                      0.297201    0.000762    6.773984 ^ _3463_/B (sky130_fd_sc_hd__xnor2_1)
     4    0.013161    0.142042    0.183000    6.956985 v _3463_/Y (sky130_fd_sc_hd__xnor2_1)
                                                         _1383_ (net)
                      0.142042    0.000708    6.957693 v _3514_/A (sky130_fd_sc_hd__or4b_1)
     2    0.007926    0.115689    0.589970    7.547663 v _3514_/X (sky130_fd_sc_hd__or4b_1)
                                                         _1432_ (net)
                      0.115690    0.000514    7.548177 v _3515_/A2 (sky130_fd_sc_hd__a21o_2)
     7    0.034244    0.106887    0.311778    7.859956 v _3515_/X (sky130_fd_sc_hd__a21o_2)
                                                         _1433_ (net)
                      0.106945    0.002284    7.862240 v _3517_/B (sky130_fd_sc_hd__and3_1)
     2    0.005345    0.047701    0.199232    8.061472 v _3517_/X (sky130_fd_sc_hd__and3_1)
                                                         _1435_ (net)
                      0.047701    0.000179    8.061650 v _3519_/B (sky130_fd_sc_hd__or3_1)
     4    0.009889    0.103124    0.393030    8.454679 v _3519_/X (sky130_fd_sc_hd__or3_1)
                                                         _1437_ (net)
                      0.103124    0.000298    8.454978 v _3569_/A (sky130_fd_sc_hd__and4_1)
     1    0.003443    0.041532    0.172476    8.627455 v _3569_/X (sky130_fd_sc_hd__and4_1)
                                                         _1485_ (net)
                      0.041532    0.000236    8.627691 v _3570_/B1 (sky130_fd_sc_hd__o311a_1)
     2    0.007399    0.073667    0.137445    8.765136 v _3570_/X (sky130_fd_sc_hd__o311a_1)
                                                         _1486_ (net)
                      0.073669    0.000473    8.765609 v _3601_/A (sky130_fd_sc_hd__or4_1)
     2    0.010680    0.130195    0.589794    9.355403 v _3601_/X (sky130_fd_sc_hd__or4_1)
                                                         _1515_ (net)
                      0.130197    0.000773    9.356175 v _3672_/A1 (sky130_fd_sc_hd__a31o_1)
     4    0.018643    0.104670    0.271393    9.627568 v _3672_/X (sky130_fd_sc_hd__a31o_1)
                                                         _1584_ (net)
                      0.104687    0.001298    9.628866 v _3697_/A2 (sky130_fd_sc_hd__a32oi_4)
     3    0.011195    0.204290    0.264462    9.893329 ^ _3697_/Y (sky130_fd_sc_hd__a32oi_4)
                                                         _1607_ (net)
                      0.204291    0.000849    9.894177 ^ _3824_/A_N (sky130_fd_sc_hd__and4b_1)
     2    0.010295    0.070565    0.255693   10.149871 v _3824_/X (sky130_fd_sc_hd__and4b_1)
                                                         _1730_ (net)
                      0.070578    0.000950   10.150821 v _3828_/A2 (sky130_fd_sc_hd__o41ai_2)
     4    0.012565    0.410986    0.459981   10.610803 ^ _3828_/Y (sky130_fd_sc_hd__o41ai_2)
                                                         _1734_ (net)
                      0.410986    0.000751   10.611553 ^ _3923_/A1 (sky130_fd_sc_hd__a211o_1)
     2    0.010131    0.099191    0.233842   10.845395 ^ _3923_/X (sky130_fd_sc_hd__a211o_1)
                                                         _1825_ (net)
                      0.099193    0.000664   10.846060 ^ _3924_/A2 (sky130_fd_sc_hd__a21oi_2)
     5    0.017625    0.101880    0.101084   10.947143 v _3924_/Y (sky130_fd_sc_hd__a21oi_2)
                                                         _1826_ (net)
                      0.101938    0.001181   10.948324 v _3965_/A1 (sky130_fd_sc_hd__o21a_1)
     1    0.002421    0.032976    0.197439   11.145763 v _3965_/X (sky130_fd_sc_hd__o21a_1)
                                                         _1865_ (net)
                      0.032976    0.000156   11.145920 v _3966_/B (sky130_fd_sc_hd__or2_1)
     1    0.004379    0.055515    0.208238   11.354158 v _3966_/X (sky130_fd_sc_hd__or2_1)
                                                         _1866_ (net)
                      0.055515    0.000322   11.354481 v _3968_/A2 (sky130_fd_sc_hd__a32o_1)
     1    0.003908    0.046433    0.249330   11.603810 v _3968_/X (sky130_fd_sc_hd__a32o_1)
                                                         _0204_ (net)
                      0.046433    0.000232   11.604042 v _4532_/D (sky130_fd_sc_hd__dfrtp_4)
                                             11.604042   data arrival time

                                 25.000000   25.000000   clock clk (rise edge)
                                  0.000000   25.000000   clock source latency
     1    0.039754    0.183441    0.129088   25.129087 ^ clk (in)
                                                         clk (net)
                      0.183528    0.000000   25.129087 ^ clkbuf_0_clk/A (sky130_fd_sc_hd__clkbuf_16)
     4    0.077539    0.095726    0.214831   25.343918 ^ clkbuf_0_clk/X (sky130_fd_sc_hd__clkbuf_16)
                                                         clknet_0_clk (net)
                      0.096200    0.005009   25.348927 ^ clkbuf_2_3__f_clk/A (sky130_fd_sc_hd__clkbuf_16)
    10    0.112173    0.125949    0.209871   25.558798 ^ clkbuf_2_3__f_clk/X (sky130_fd_sc_hd__clkbuf_16)
                                                         clknet_2_3__leaf_clk (net)
                      0.127337    0.010504   25.569302 ^ clkbuf_leaf_28_clk/A (sky130_fd_sc_hd__clkbuf_8)
     5    0.026539    0.061093    0.170228   25.739531 ^ clkbuf_leaf_28_clk/X (sky130_fd_sc_hd__clkbuf_8)
                                                         clknet_leaf_28_clk (net)
                      0.061106    0.000863   25.740395 ^ _4532_/CLK (sky130_fd_sc_hd__dfrtp_4)
                                 -0.250000   25.490395   clock uncertainty
                                  0.000000   25.490395   clock reconvergence pessimism
                                 -0.111213   25.379183   library setup time
                                             25.379183   data required time
---------------------------------------------------------------------------------------------
                                             25.379183   data required time
                                            -11.604042   data arrival time
---------------------------------------------------------------------------------------------
                                             13.775140   slack (MET)




===========================================================================
report_checks --slack_max -0.01
============================================================================
======================= max_tt_025C_1v80 Corner ===================================

No paths found.


===========================================================================
 report_check_types -max_slew -max_cap -max_fanout -violators
============================================================================
======================= max_tt_025C_1v80 Corner ===================================

max fanout

Pin                                   Limit Fanout  Slack
---------------------------------------------------------
clkbuf_leaf_3_clk/X                      10     17     -7 (VIOLATED)
clkbuf_leaf_50_clk/X                     10     17     -7 (VIOLATED)
clkbuf_2_0__f_clk/X                      10     16     -6 (VIOLATED)
clkbuf_2_1__f_clk/X                      10     16     -6 (VIOLATED)
clkbuf_leaf_46_clk/X                     10     16     -6 (VIOLATED)
clkbuf_leaf_17_clk/X                     10     15     -5 (VIOLATED)
clkbuf_leaf_23_clk/X                     10     15     -5 (VIOLATED)
clkbuf_2_2__f_clk/X                      10     14     -4 (VIOLATED)
clkbuf_leaf_15_clk/X                     10     13     -3 (VIOLATED)
clkbuf_leaf_38_clk/X                     10     13     -3 (VIOLATED)
clkbuf_leaf_14_clk/X                     10     12     -2 (VIOLATED)
clkbuf_leaf_2_clk/X                      10     12     -2 (VIOLATED)
clkbuf_leaf_31_clk/X                     10     12     -2 (VIOLATED)
clkbuf_leaf_13_clk/X                     10     11        (VIOLATED)
clkbuf_leaf_16_clk/X                     10     11        (VIOLATED)
clkbuf_leaf_32_clk/X                     10     11        (VIOLATED)
clkbuf_leaf_33_clk/X                     10     11        (VIOLATED)
clkbuf_leaf_40_clk/X                     10     11        (VIOLATED)
clkbuf_leaf_41_clk/X                     10     11        (VIOLATED)
clkbuf_leaf_42_clk/X                     10     11        (VIOLATED)



===========================================================================
report_parasitic_annotation -report_unannotated
============================================================================
Found 70 unannotated drivers.
 ena
 uio_in[1]
 uio_in[2]
 uio_in[6]
 uio_in[7]
 clkload0/X
 clkload1/Y
 clkload10/X
 clkload11/Y
 clkload12/Y
 clkload13/Y
 clkload14/X
 clkload15/Y
 clkload16/Y
 clkload17/Y
 clkload18/Y
 clkload19/Y
 clkload2/Y
 clkload20/Y
 clkload21/Y
 clkload22/Y
 clkload23/Y
 clkload24/Y
 clkload25/Y
 clkload26/Y
 clkload27/Y
 clkload28/Y
 clkload29/Y
 clkload3/Y
 clkload30/Y
 clkload31/X
 clkload32/Y
 clkload33/Y
 clkload34/Y
 clkload35/Y
 clkload36/Y
 clkload37/Y
 clkload38/Y
 clkload39/Y
 clkload4/Y
 clkload40/Y
 clkload41/Y
 clkload42/Y
 clkload43/Y
 clkload44/Y
 clkload45/Y
 clkload46/Y
 clkload47/Y
 clkload48/Y
 clkload49/Y
 clkload5/Y
 clkload50/X
 clkload6/Y
 clkload7/Y
 clkload8/Y
 clkload9/Y
 stream_cipher_167/HI
 stream_cipher_168/HI
 stream_cipher_169/HI
 stream_cipher_170/HI
 stream_cipher_171/HI
 stream_cipher_172/HI
 stream_cipher_173/HI
 stream_cipher_174/HI
 stream_cipher_175/HI
 stream_cipher_176/HI
 stream_cipher_177/HI
 stream_cipher_178/HI
 stream_cipher_179/LO
 stream_cipher_180/LO
Found 0 partially unannotated drivers.

===========================================================================
max slew violation count 0
max fanout violation count 20
max cap violation count 0
============================================================================

===========================================================================
check_setup -verbose -unconstrained_endpoints -multiple_clock -no_clock -no_input_delay -loops -generated_clocks
===========================================================================
Warning: There are 14 unconstrained endpoints.
  uio_oe[0]
  uio_oe[1]
  uio_oe[2]
  uio_oe[3]
  uio_oe[4]
  uio_oe[5]
  uio_oe[6]
  uio_oe[7]
  uio_out[0]
  uio_out[3]
  uio_out[4]
  uio_out[5]
  uio_out[6]
  uio_out[7]
