Clock: clk
Sources: clk 
Generated: no
Virtual: yes
Propagated: no
Period: 25.000000

===========================================================================
report_clock_properties
============================================================================
Clock                   Period          Waveform
----------------------------------------------------
clk                  25.000000    0.000000 12.500000

===========================================================================
report_clock_latency
============================================================================
Clock clk
rise -> rise
    min     max
0.000000 0.000000 source latency
0.645181         network latency _4548_/CLK
        0.848544 network latency _4638_/CLK
---------------
0.645181 0.848544 latency
        0.203362 skew

fall -> fall
    min     max
0.000000 0.000000 source latency
0.523522         network latency _4548_/CLK
        0.716838 network latency _4615_/CLK
---------------
0.523522 0.716838 latency
        0.193316 skew



===========================================================================
report_clock_min_period
============================================================================
clk period_min = 11.32 fmax = 88.35
