Clock: clk
Sources: clk 
Generated: no
Virtual: yes
Propagated: no
Period: 25.000000

===========================================================================
report_clock_properties
============================================================================
Clock                   Period          Waveform
----------------------------------------------------
clk                  25.000000    0.000000 12.500000

===========================================================================
report_clock_latency
============================================================================
Clock clk
rise -> rise
    min     max
0.000000 0.000000 source latency
0.449275         network latency _4548_/CLK
        0.589925 network latency _4615_/CLK
---------------
0.449275 0.589925 latency
        0.140650 skew

fall -> fall
    min     max
0.000000 0.000000 source latency
0.363221         network latency _4548_/CLK
        0.498017 network latency _4615_/CLK
---------------
0.363221 0.498017 latency
        0.134795 skew



===========================================================================
report_clock_min_period
============================================================================
clk period_min = 7.11 fmax = 140.58
