
===========================================================================
report_checks -unconstrained
===========================================================================
======================= max_ss_100C_1v60 Corner ===================================

Startpoint: rst_n (input port clocked by clk)
Endpoint: _4704_ (recovery check against rising-edge clock clk)
Path Group: asynchronous
Path Type: max

Fanout         Cap        Slew       Delay        Time   Description
---------------------------------------------------------------------------------------------
                                  0.000000    0.000000   clock clk (rise edge)
                                  0.000000    0.000000   clock network delay (propagated)
                                  5.000000    5.000000 ^ input external delay
     1    0.002117    0.027744    0.012224    5.012225 ^ rst_n (in)
                                                         rst_n (net)
                      0.027745    0.000000    5.012225 ^ input1/A (sky130_fd_sc_hd__buf_2)
     5    0.056467    0.436269    0.436757    5.448982 ^ input1/X (sky130_fd_sc_hd__buf_2)
                                                         net1 (net)
                      0.436369    0.005548    5.454530 ^ fanout166/A (sky130_fd_sc_hd__clkbuf_4)
    10    0.056778    0.279863    0.561091    6.015621 ^ fanout166/X (sky130_fd_sc_hd__clkbuf_4)
                                                         net166 (net)
                      0.280673    0.011076    6.026697 ^ fanout164/A (sky130_fd_sc_hd__clkbuf_4)
     9    0.051962    0.256698    0.478485    6.505181 ^ fanout164/X (sky130_fd_sc_hd__clkbuf_4)
                                                         net164 (net)
                      0.256731    0.003089    6.508271 ^ fanout163/A (sky130_fd_sc_hd__clkbuf_4)
    10    0.049944    0.248473    0.463444    6.971714 ^ fanout163/X (sky130_fd_sc_hd__clkbuf_4)
                                                         net163 (net)
                      0.248519    0.003339    6.975053 ^ fanout162/A (sky130_fd_sc_hd__clkbuf_4)
    10    0.049013    0.244291    0.457066    7.432119 ^ fanout162/X (sky130_fd_sc_hd__clkbuf_4)
                                                         net162 (net)
                      0.244323    0.002857    7.434977 ^ _4704_/RESET_B (sky130_fd_sc_hd__dfrtp_4)
                                              7.434977   data arrival time

                                 25.000000   25.000000   clock clk (rise edge)
                                  0.000000   25.000000   clock source latency
     1    0.039754    0.288278    0.201497   25.201496 ^ clk (in)
                                                         clk (net)
                      0.288333    0.000000   25.201496 ^ clkbuf_0_clk/A (sky130_fd_sc_hd__clkbuf_16)
     4    0.077539    0.145921    0.386455   25.587952 ^ clkbuf_0_clk/X (sky130_fd_sc_hd__clkbuf_16)
                                                         clknet_0_clk (net)
                      0.146149    0.005022   25.592974 ^ clkbuf_2_3__f_clk/A (sky130_fd_sc_hd__clkbuf_16)
    10    0.111895    0.193777    0.359353   25.952328 ^ clkbuf_2_3__f_clk/X (sky130_fd_sc_hd__clkbuf_16)
                                                         clknet_2_3__leaf_clk (net)
                      0.194121    0.005574   25.957901 ^ clkbuf_leaf_31_clk/A (sky130_fd_sc_hd__clkbuf_8)
    12    0.037573    0.123880    0.329832   26.287733 ^ clkbuf_leaf_31_clk/X (sky130_fd_sc_hd__clkbuf_8)
                                                         clknet_leaf_31_clk (net)
                      0.123900    0.001567   26.289301 ^ _4704_/CLK (sky130_fd_sc_hd__dfrtp_4)
                                 -0.250000   26.039301   clock uncertainty
                                  0.000000   26.039301   clock reconvergence pessimism
                                  0.380452   26.419752   library recovery time
                                             26.419752   data required time
---------------------------------------------------------------------------------------------
                                             26.419752   data required time
                                             -7.434977   data arrival time
---------------------------------------------------------------------------------------------
                                             18.984776   slack (MET)


Startpoint: _4716_ (rising edge-triggered flip-flop clocked by clk)
Endpoint: _4531_ (rising edge-triggered flip-flop clocked by clk)
Path Group: clk
Path Type: max

Fanout         Cap        Slew       Delay        Time   Description
---------------------------------------------------------------------------------------------
                                  0.000000    0.000000   clock clk (rise edge)
                                  0.000000    0.000000   clock source latency
     1    0.039754    0.288278    0.201498    0.201498 ^ clk (in)
                                                         clk (net)
                      0.288333    0.000000    0.201498 ^ clkbuf_0_clk/A (sky130_fd_sc_hd__clkbuf_16)
     4    0.077539    0.145921    0.386455    0.587953 ^ clkbuf_0_clk/X (sky130_fd_sc_hd__clkbuf_16)
                                                         clknet_0_clk (net)
                      0.146055    0.003974    0.591927 ^ clkbuf_2_1__f_clk/A (sky130_fd_sc_hd__clkbuf_16)
    16    0.158293    0.260246    0.407058    0.998985 ^ clkbuf_2_1__f_clk/X (sky130_fd_sc_hd__clkbuf_16)
                                                         clknet_2_1__leaf_clk (net)
                      0.260624    0.008222    1.007207 ^ clkbuf_leaf_10_clk/A (sky130_fd_sc_hd__clkbuf_8)
     7    0.041770    0.134462    0.366003    1.373209 ^ clkbuf_leaf_10_clk/X (sky130_fd_sc_hd__clkbuf_8)
                                                         clknet_leaf_10_clk (net)
                      0.134493    0.002083    1.375292 ^ _4716_/CLK (sky130_fd_sc_hd__dfrtp_1)
     3    0.025579    0.362687    0.896899    2.272191 ^ _4716_/Q (sky130_fd_sc_hd__dfrtp_1)
                                                         top_inst.hash_generator_inst.sum[0] (net)
                      0.362687    0.001192    2.273383 ^ fanout99/A (sky130_fd_sc_hd__buf_4)
     9    0.065305    0.293871    0.498941    2.772324 ^ fanout99/X (sky130_fd_sc_hd__buf_4)
                                                         net99 (net)
                      0.293984    0.005393    2.777717 ^ fanout98/A (sky130_fd_sc_hd__clkbuf_4)
     8    0.057047    0.278888    0.502028    3.279745 ^ fanout98/X (sky130_fd_sc_hd__clkbuf_4)
                                                         net98 (net)
                      0.279010    0.005497    3.285243 ^ _2606_/S0 (sky130_fd_sc_hd__mux4_1)
     2    0.014028    0.274843    1.468695    4.753937 v _2606_/X (sky130_fd_sc_hd__mux4_1)
                                                         _0564_ (net)
                      0.274886    0.001427    4.755365 v _2608_/B (sky130_fd_sc_hd__and2_1)
     3    0.008465    0.113299    0.464084    5.219449 v _2608_/X (sky130_fd_sc_hd__and2_1)
                                                         _0566_ (net)
                      0.113299    0.000233    5.219682 v _2609_/B (sky130_fd_sc_hd__or2_1)
     3    0.011590    0.175014    0.568969    5.788651 v _2609_/X (sky130_fd_sc_hd__or2_1)
                                                         _0567_ (net)
                      0.175014    0.000425    5.789076 v _2690_/A (sky130_fd_sc_hd__or3_1)
     1    0.002628    0.133004    0.872516    6.661592 v _2690_/X (sky130_fd_sc_hd__or3_1)
                                                         _0644_ (net)
                      0.133004    0.000161    6.661753 v _2691_/B (sky130_fd_sc_hd__or3b_1)
     3    0.010426    0.217820    0.934653    7.596406 v _2691_/X (sky130_fd_sc_hd__or3b_1)
                                                         _0645_ (net)
                      0.217820    0.000817    7.597223 v _2698_/A1 (sky130_fd_sc_hd__a21oi_1)
     3    0.011239    0.423507    0.462341    8.059565 ^ _2698_/Y (sky130_fd_sc_hd__a21oi_1)
                                                         _0652_ (net)
                      0.423509    0.000806    8.060370 ^ _2750_/A1 (sky130_fd_sc_hd__o21a_1)
     2    0.011085    0.188239    0.452335    8.512706 ^ _2750_/X (sky130_fd_sc_hd__o21a_1)
                                                         _0702_ (net)
                      0.188239    0.000617    8.513323 ^ _2751_/B (sky130_fd_sc_hd__xnor2_1)
     1    0.005085    0.259494    0.265465    8.778788 ^ _2751_/Y (sky130_fd_sc_hd__xnor2_1)
                                                         _0703_ (net)
                      0.259494    0.000240    8.779028 ^ _2761_/A (sky130_fd_sc_hd__xnor2_1)
     2    0.007407    0.334115    0.318191    9.097219 ^ _2761_/Y (sky130_fd_sc_hd__xnor2_1)
                                                         _0713_ (net)
                      0.334115    0.000298    9.097517 ^ _2763_/B (sky130_fd_sc_hd__xor2_1)
     2    0.010627    0.408104    0.504767    9.602283 ^ _2763_/X (sky130_fd_sc_hd__xor2_1)
                                                         _0715_ (net)
                      0.408104    0.000515    9.602798 ^ _2764_/A (sky130_fd_sc_hd__inv_2)
     3    0.022686    0.145917    0.255222    9.858021 v _2764_/Y (sky130_fd_sc_hd__inv_2)
                                                         _0716_ (net)
                      0.145930    0.001481    9.859501 v _2813_/B (sky130_fd_sc_hd__or4b_1)
     2    0.007929    0.237321    1.289044   11.148545 v _2813_/X (sky130_fd_sc_hd__or4b_1)
                                                         _0763_ (net)
                      0.237321    0.000517   11.149062 v _2816_/A (sky130_fd_sc_hd__and2_2)
     3    0.030146    0.177020    0.553262   11.702325 v _2816_/X (sky130_fd_sc_hd__and2_2)
                                                         _0766_ (net)
                      0.177035    0.001774   11.704099 v _2861_/A1 (sky130_fd_sc_hd__o21ai_4)
     2    0.019811    0.295043    0.382247   12.086346 ^ _2861_/Y (sky130_fd_sc_hd__o21ai_4)
                                                         _0809_ (net)
                      0.295044    0.001160   12.087505 ^ _2881_/A2 (sky130_fd_sc_hd__a21bo_1)
     1    0.016849    0.234165    0.417847   12.505353 ^ _2881_/X (sky130_fd_sc_hd__a21bo_1)
                                                         _0828_ (net)
                      0.234168    0.001315   12.506668 ^ _2882_/B (sky130_fd_sc_hd__xor2_4)
     6    0.035007    0.438613    0.505071   13.011739 ^ _2882_/X (sky130_fd_sc_hd__xor2_4)
                                                         _0829_ (net)
                      0.438613    0.000313   13.012052 ^ _3462_/B (sky130_fd_sc_hd__xnor2_1)
     3    0.011867    0.480881    0.422895   13.434946 ^ _3462_/Y (sky130_fd_sc_hd__xnor2_1)
                                                         _1382_ (net)
                      0.480882    0.000749   13.435695 ^ _3463_/B (sky130_fd_sc_hd__xnor2_1)
     4    0.013056    0.266587    0.388577   13.824272 v _3463_/Y (sky130_fd_sc_hd__xnor2_1)
                                                         _1383_ (net)
                      0.266587    0.000699   13.824971 v _3514_/A (sky130_fd_sc_hd__or4b_1)
     2    0.007982    0.237046    1.368581   15.193552 v _3514_/X (sky130_fd_sc_hd__or4b_1)
                                                         _1432_ (net)
                      0.237046    0.000519   15.194071 v _3515_/A2 (sky130_fd_sc_hd__a21o_2)
     7    0.034457    0.185401    0.584441   15.778511 v _3515_/X (sky130_fd_sc_hd__a21o_2)
                                                         _1433_ (net)
                      0.185429    0.002299   15.780810 v _3517_/B (sky130_fd_sc_hd__and3_1)
     2    0.005327    0.091722    0.412635   16.193445 v _3517_/X (sky130_fd_sc_hd__and3_1)
                                                         _1435_ (net)
                      0.091722    0.000178   16.193623 v _3519_/B (sky130_fd_sc_hd__or3_1)
     4    0.009852    0.209104    0.902569   17.096191 v _3519_/X (sky130_fd_sc_hd__or3_1)
                                                         _1437_ (net)
                      0.209104    0.000297   17.096489 v _3569_/A (sky130_fd_sc_hd__and4_1)
     1    0.003468    0.078908    0.374012   17.470501 v _3569_/X (sky130_fd_sc_hd__and4_1)
                                                         _1485_ (net)
                      0.078908    0.000238   17.470737 v _3570_/B1 (sky130_fd_sc_hd__o311a_1)
     2    0.007302    0.132806    0.262705   17.733444 v _3570_/X (sky130_fd_sc_hd__o311a_1)
                                                         _1486_ (net)
                      0.132806    0.000465   17.733910 v _3601_/A (sky130_fd_sc_hd__or4_1)
     2    0.010727    0.272660    1.369488   19.103397 v _3601_/X (sky130_fd_sc_hd__or4_1)
                                                         _1515_ (net)
                      0.272660    0.000778   19.104176 v _3672_/A1 (sky130_fd_sc_hd__a31o_1)
     4    0.018769    0.191010    0.529498   19.633673 v _3672_/X (sky130_fd_sc_hd__a31o_1)
                                                         _1584_ (net)
                      0.191016    0.001311   19.634983 v _3697_/A2 (sky130_fd_sc_hd__a32oi_4)
     3    0.010893    0.297413    0.437462   20.072445 ^ _3697_/Y (sky130_fd_sc_hd__a32oi_4)
                                                         _1607_ (net)
                      0.297413    0.000822   20.073269 ^ _3824_/A_N (sky130_fd_sc_hd__and4b_1)
     2    0.010248    0.136952    0.541267   20.614534 v _3824_/X (sky130_fd_sc_hd__and4b_1)
                                                         _1730_ (net)
                      0.136957    0.000947   20.615482 v _3828_/A2 (sky130_fd_sc_hd__o41ai_2)
     4    0.012451    0.647691    0.769601   21.385082 ^ _3828_/Y (sky130_fd_sc_hd__o41ai_2)
                                                         _1734_ (net)
                      0.647691    0.000744   21.385826 ^ _3923_/A1 (sky130_fd_sc_hd__a211o_1)
     2    0.010118    0.161010    0.517339   21.903166 ^ _3923_/X (sky130_fd_sc_hd__a211o_1)
                                                         _1825_ (net)
                      0.161010    0.000664   21.903830 ^ _3924_/A2 (sky130_fd_sc_hd__a21oi_2)
     5    0.017634    0.190012    0.219902   22.123734 v _3924_/Y (sky130_fd_sc_hd__a21oi_2)
                                                         _1826_ (net)
                      0.190013    0.000915   22.124647 v _3946_/B (sky130_fd_sc_hd__or3_1)
     1    0.004613    0.157671    0.868072   22.992720 v _3946_/X (sky130_fd_sc_hd__or3_1)
                                                         _1847_ (net)
                      0.157671    0.000290   22.993010 v _3947_/A3 (sky130_fd_sc_hd__a32o_1)
     1    0.002203    0.066071    0.484542   23.477551 v _3947_/X (sky130_fd_sc_hd__a32o_1)
                                                         _0203_ (net)
                      0.066071    0.000101   23.477652 v _4531_/D (sky130_fd_sc_hd__dfrtp_4)
                                             23.477652   data arrival time

                                 25.000000   25.000000   clock clk (rise edge)
                                  0.000000   25.000000   clock source latency
     1    0.039754    0.288278    0.201497   25.201496 ^ clk (in)
                                                         clk (net)
                      0.288333    0.000000   25.201496 ^ clkbuf_0_clk/A (sky130_fd_sc_hd__clkbuf_16)
     4    0.077539    0.145921    0.386455   25.587952 ^ clkbuf_0_clk/X (sky130_fd_sc_hd__clkbuf_16)
                                                         clknet_0_clk (net)
                      0.146149    0.005022   25.592974 ^ clkbuf_2_3__f_clk/A (sky130_fd_sc_hd__clkbuf_16)
    10    0.111895    0.193777    0.359353   25.952328 ^ clkbuf_2_3__f_clk/X (sky130_fd_sc_hd__clkbuf_16)
                                                         clknet_2_3__leaf_clk (net)
                      0.194766    0.010507   25.962835 ^ clkbuf_leaf_28_clk/A (sky130_fd_sc_hd__clkbuf_8)
     5    0.026116    0.098287    0.306725   26.269560 ^ clkbuf_leaf_28_clk/X (sky130_fd_sc_hd__clkbuf_8)
                                                         clknet_leaf_28_clk (net)
                      0.098291    0.000806   26.270367 ^ _4531_/CLK (sky130_fd_sc_hd__dfrtp_4)
                                 -0.250000   26.020367   clock uncertainty
                                  0.000000   26.020367   clock reconvergence pessimism
                                 -0.265621   25.754747   library setup time
                                             25.754747   data required time
---------------------------------------------------------------------------------------------
                                             25.754747   data required time
                                            -23.477652   data arrival time
---------------------------------------------------------------------------------------------
                                              2.277094   slack (MET)




===========================================================================
report_checks --slack_max -0.01
============================================================================
======================= max_ss_100C_1v60 Corner ===================================

No paths found.


===========================================================================
 report_check_types -max_slew -max_cap -max_fanout -violators
============================================================================
======================= max_ss_100C_1v60 Corner ===================================

max fanout

Pin                                   Limit Fanout  Slack
---------------------------------------------------------
clkbuf_leaf_3_clk/X                      10     17     -7 (VIOLATED)
clkbuf_leaf_50_clk/X                     10     17     -7 (VIOLATED)
clkbuf_2_0__f_clk/X                      10     16     -6 (VIOLATED)
clkbuf_2_1__f_clk/X                      10     16     -6 (VIOLATED)
clkbuf_leaf_46_clk/X                     10     16     -6 (VIOLATED)
clkbuf_leaf_17_clk/X                     10     15     -5 (VIOLATED)
clkbuf_leaf_23_clk/X                     10     15     -5 (VIOLATED)
clkbuf_2_2__f_clk/X                      10     14     -4 (VIOLATED)
clkbuf_leaf_15_clk/X                     10     13     -3 (VIOLATED)
clkbuf_leaf_38_clk/X                     10     13     -3 (VIOLATED)
clkbuf_leaf_14_clk/X                     10     12     -2 (VIOLATED)
clkbuf_leaf_2_clk/X                      10     12     -2 (VIOLATED)
clkbuf_leaf_31_clk/X                     10     12     -2 (VIOLATED)
clkbuf_leaf_13_clk/X                     10     11        (VIOLATED)
clkbuf_leaf_16_clk/X                     10     11        (VIOLATED)
clkbuf_leaf_32_clk/X                     10     11        (VIOLATED)
clkbuf_leaf_33_clk/X                     10     11        (VIOLATED)
clkbuf_leaf_40_clk/X                     10     11        (VIOLATED)
clkbuf_leaf_41_clk/X                     10     11        (VIOLATED)
clkbuf_leaf_42_clk/X                     10     11        (VIOLATED)



===========================================================================
report_parasitic_annotation -report_unannotated
============================================================================
Found 70 unannotated drivers.
 ena
 uio_in[1]
 uio_in[2]
 uio_in[6]
 uio_in[7]
 clkload0/X
 clkload1/Y
 clkload10/X
 clkload11/Y
 clkload12/Y
 clkload13/Y
 clkload14/X
 clkload15/Y
 clkload16/Y
 clkload17/Y
 clkload18/Y
 clkload19/Y
 clkload2/Y
 clkload20/Y
 clkload21/Y
 clkload22/Y
 clkload23/Y
 clkload24/Y
 clkload25/Y
 clkload26/Y
 clkload27/Y
 clkload28/Y
 clkload29/Y
 clkload3/Y
 clkload30/Y
 clkload31/X
 clkload32/Y
 clkload33/Y
 clkload34/Y
 clkload35/Y
 clkload36/Y
 clkload37/Y
 clkload38/Y
 clkload39/Y
 clkload4/Y
 clkload40/Y
 clkload41/Y
 clkload42/Y
 clkload43/Y
 clkload44/Y
 clkload45/Y
 clkload46/Y
 clkload47/Y
 clkload48/Y
 clkload49/Y
 clkload5/Y
 clkload50/X
 clkload6/Y
 clkload7/Y
 clkload8/Y
 clkload9/Y
 stream_cipher_167/HI
 stream_cipher_168/HI
 stream_cipher_169/HI
 stream_cipher_170/HI
 stream_cipher_171/HI
 stream_cipher_172/HI
 stream_cipher_173/HI
 stream_cipher_174/HI
 stream_cipher_175/HI
 stream_cipher_176/HI
 stream_cipher_177/HI
 stream_cipher_178/HI
 stream_cipher_179/LO
 stream_cipher_180/LO
Found 0 partially unannotated drivers.

===========================================================================
max slew violation count 0
max fanout violation count 20
max cap violation count 0
============================================================================

===========================================================================
check_setup -verbose -unconstrained_endpoints -multiple_clock -no_clock -no_input_delay -loops -generated_clocks
===========================================================================
Warning: There are 14 unconstrained endpoints.
  uio_oe[0]
  uio_oe[1]
  uio_oe[2]
  uio_oe[3]
  uio_oe[4]
  uio_oe[5]
  uio_oe[6]
  uio_oe[7]
  uio_out[0]
  uio_out[3]
  uio_out[4]
  uio_out[5]
  uio_out[6]
  uio_out[7]
