Clock: clk
Sources: clk 
Generated: no
Virtual: yes
Propagated: no
Period: 25.000000

===========================================================================
report_clock_properties
============================================================================
Clock                   Period          Waveform
----------------------------------------------------
clk                  25.000000    0.000000 12.500000

===========================================================================
report_clock_latency
============================================================================
Clock clk
rise -> rise
    min     max
0.000000 0.000000 source latency
0.962545         network latency _4528_/CLK
        1.406300 network latency _4706_/CLK
---------------
0.962545 1.406300 latency
        0.443755 skew

fall -> fall
    min     max
0.000000 0.000000 source latency
0.839156         network latency _4528_/CLK
        1.239846 network latency _4706_/CLK
---------------
0.839156 1.239846 latency
        0.400689 skew



===========================================================================
report_clock_min_period
============================================================================
clk period_min = 22.72 fmax = 44.01
