
===========================================================================
 report_power
============================================================================
======================= max_ss_100C_1v60 Corner ===================================

Group                    Internal    Switching      Leakage        Total
                            Power        Power        Power        Power (Watts)
------------------------------------------------------------------------
Sequential           5.170168e-04 4.442954e-06 7.706931e-06 5.291667e-04  42.1%
Combinational        3.243971e-05 1.033604e-04 1.233687e-05 1.481370e-04  11.8%
Clock                3.163558e-04 2.620097e-04 1.252147e-06 5.796177e-04  46.1%
Macro                0.000000e+00 0.000000e+00 0.000000e+00 0.000000e+00   0.0%
Pad                  0.000000e+00 0.000000e+00 0.000000e+00 0.000000e+00   0.0%
------------------------------------------------------------------------
Total                8.658125e-04 3.698131e-04 2.129573e-05 1.256921e-03 100.0%
                            68.9%        29.4%         1.7%

