
===========================================================================
 report_power
============================================================================
======================= max_ss_100C_1v60 Corner ===================================

Group                    Internal    Switching      Leakage        Total
                            Power        Power        Power        Power (Watts)
------------------------------------------------------------------------
Sequential           5.139717e-04 3.436792e-06 7.670434e-06 5.250790e-04  43.7%
Combinational        3.246721e-05 9.818286e-05 1.220287e-05 1.428530e-04  11.9%
Clock                2.613562e-04 2.699350e-04 1.143391e-06 5.324345e-04  44.4%
Macro                0.000000e+00 0.000000e+00 0.000000e+00 0.000000e+00   0.0%
Pad                  0.000000e+00 0.000000e+00 0.000000e+00 0.000000e+00   0.0%
------------------------------------------------------------------------
Total                8.077951e-04 3.715546e-04 2.101649e-05 1.200366e-03 100.0%
                            67.3%        31.0%         1.8%

