Clock: clk
Sources: clk 
Generated: no
Virtual: yes
Propagated: no
Period: 25.000000

===========================================================================
report_clock_properties
============================================================================
Clock                   Period          Waveform
----------------------------------------------------
clk                  25.000000    0.000000 12.500000

===========================================================================
report_clock_latency
============================================================================
Clock clk
rise -> rise
    min     max
0.000000 0.000000 source latency
0.410813         network latency _4548_/CLK
        0.541833 network latency _4580_/CLK
---------------
0.410813 0.541833 latency
        0.131021 skew

fall -> fall
    min     max
0.000000 0.000000 source latency
0.336195         network latency _4548_/CLK
        0.462808 network latency _4580_/CLK
---------------
0.336195 0.462808 latency
        0.126613 skew



===========================================================================
report_clock_min_period
============================================================================
clk period_min = 6.97 fmax = 143.56
